# 6-3-8 版上げの引き継ぎ／自動テストの実行ログ  2026-07-31 11:49:34

$ node tests/guard.js
OK: 技術方針への違反はありません（区画 23 個を確認）

$ node tests/smoke.js

===== SMOKE TEST RESULTS =====
OK  DB open (v5)
OK  Seed.load
    ev=40 ps=24 ap=220 sv=3 msg=12 task=17
OK  Seed件数（チケット廃止後）
OK  過去アーカイブが蓄積されている（F-33b）
OK  名簿にリピーターが溜まっている（F-92 の裏付け）
OK  定員はイベント基準（残席計算）
OK  F-49b CSVインジェクション対策
OK  配色が会社サイト由来になっている
OK  文字色のコントラストが WCAG AA を満たす
OK  書体は外部CSSを読まず @font-face をインラインで持つ
OK  ヘッダーのロゴが会社サイトへのリンクになっている
OK  Dashboard.render
OK  ヒートマップ 7×26=182セルが描画される（F-103）
OK  ヒートマップ 中止イベントの申込は数えない（F-40）
OK  ヒートマップ 同日複数件は0件より濃い
OK  ヒートマップ 申込0件でも例外なく描画される（全セル --hm-0）
OK  カレンダー 要対応リストの下に月表示が出る
OK  カレンダー 今月のイベントが日付に載る
OK  カレンダー 日程未定は件数として下に出る
OK  カレンダー 月を送れる／今月に戻れる
OK  カレンダー 中止イベントは打ち消しで出る
OK  EventsList.render（カード表示）
OK  EventsList カードに申込・準備の2本のバーが出る
OK  EventsList カードに未対応タスク・未解決Q&A・期限超過が出る
OK  EventsList タスク未登録のイベントはその旨を出す
OK  EventsList 終了・中止では要対応を出さない
OK  F-98 対象範囲の概念を持たない
OK  F-98 問い合わせ先は公開時の必須項目
OK  F-91b 所属は会社／学校／なしの選択で聞く
OK  F-91b シードに学校・なしの参加者が含まれる
OK  EventDetail.render(ev_public)
OK  申込一覧は4列（申込枠列なし）
OK  EventDetail 検索フィルタ（正規化）
OK  EventDetail CSV出力（申込枠列なし）
OK  未読: 未読の投稿がカードに出る
OK  未読: サブタブにバッジが出る
OK  運営スレッド 表示
OK  未読: 開いたら既読になり、バッジが消える
OK  運営スレッド 送信で永続
OK  運営スレッド 削除で永続
OK  運営Q&A 表示（シード2件）
OK  運営Q&A 登録で永続
OK  運営Q&A 解決トグルで永続
OK  運営タスク ボード表示（シード8件）
OK  運営タスク 進捗と期限超過の集計
OK  運営タスク ドロップで状態と並び順が永続
OK  運営タスク 追加（タイトル必須→保存で永続）
OK  運営タスク 開始日>期限日はエラー
OK  運営タスク タイムライン（今日線・週末・日付未設定）
OK  運営タスク 削除で永続
OK  運営タスク 固定表示に進捗が出る
OK  マニュアル 本文があるとプレビューで開く
OK  マニュアル Markdown の表・チェックボックス・引用が描画される
OK  マニュアル HTMLはエスケープされる（本文をタグとして解釈しない）
OK  マニュアル リストが自動で継続する（箇条書き・チェック・番号）
OK  マニュアル 空の項目で Enter を押すとリストを抜ける
OK  マニュアル リストでない行では自動継続しない
OK  マニュアル 3ビューを切り替えられる
OK  マニュアル 編集→保存で永続し、プレビューに戻る
OK  マニュアル 未作成なら編集で開き、ひな形を挿入できる
OK  QR ライブラリがインライン化され、CDNに依存しない
OK  QR 本物のライブラリでSVGが生成される
OK  QR 生成に失敗したら氏名検索を案内する
OK  ファイル共有 シードのファイルが一覧に出る
OK  ファイル共有 メタデータが保存されている
OK  ファイル共有 追加すると永続する
OK  ファイル共有 削除できる
OK  お知らせ 表示（シード2件）
OK  お知らせ 件名必須→投稿で永続
OK  お知らせが参加者の公開ページに出る
OK  告知タブ（X/LINEリンク）
OK  概要・編集タブ + 中止確認モーダル
OK  受付前フェーズが算出される（phase:before）
OK  受付開始が未設定なら受付中のまま
OK  公開ページの申込ボタンが受付前で無効
OK  C-1 状態遷移が永続（下書き→公開）
OK  C-1 公開後は下書きに戻せない（F-37）
OK  C-1 中止が永続し、申込は変更されない（F-39）
OK  Settings.render（データの2ボタンのみ）
OK  Wizard.render(新規)
OK  Wizard 名称未入力で次へ→エラー
OK  Wizard ステップ1保存で下書きが実際に作られる（F-70）
OK  Wizard 5ステップ踏破＋受付開始欄（申込枠名なし）
OK  Wizard 離脱しても保存済みのステップが残る（F-72）
OK  Wizard 不備があると公開できない（F-06）
OK  Wizard 定員は有効な申込数を下回れない（F-41）
OK  Wizard.render(編集)
OK  Participant.renderPublic(ev_public)
OK  F-03b カバー画像の SVG が組み立てられる
OK  F-03b カバー画像は乱数を使わず決定的に生成される
OK  F-03 シードのカバー画像が設定されている（下書きは未設定）
OK  F-03b イベントを探す一覧にカバー画像の枠が出る
OK  F-03b マイ申込の一覧にもカバー画像の枠が出る
OK  F-83b イベントを探すに締切切れ・終了・中止を出さない
OK  F-107 マイ申込はログインが必要
OK  F-107 誤ったパスワードでは入れず、入力したメールは残る
OK  F-107 未登録のメールでも文言を変えない（登録の有無を漏らさない）
OK  F-107 パスワードを持たない人はログインできない
OK  F-107 abc@example.com / abc123 で入れ、本人の申込だけが出る
OK  F-107 ログアウトできる
OK  F-107 確認URLの1件はログイン無しで見られる（4-6 / F-20）
OK  C-3 チェックインと取消が永続（F-24）
OK  C-3 キャンセルで残席が戻る（F-25）
OK  C-3 内容修正が person に反映（F-26）
OK  C-3 別人のメールアドレスへは変更できない（4-5）
OK  C-2 申込が永続し、名寄せされる（F-16〜F-19）
OK  C-2 同一イベントへの二重申込を拒否（F-17）
OK  C-2 キャンセル後の再申込は許す（F-42）
OK  C-2 定員に達したら申込できない（F-18）
OK  C-2 受付前は申込できない（F-45b）
OK  C-2 カスタム質問の必須が未回答だと進めない（F-91）
OK  C-2 申込フロー通しで保存され、回答も残る（F-80）
OK  C-2 主催者の一覧に反映され残席が減る（受け入れ確認8）
OK  C-2 参加者からのキャンセルも共通処理（F-25）
OK  F-108 主催者の通知が9タブの変更から集まる
OK  F-108 通知の画面が描かれ、クリックで該当タブへ飛べる
OK  F-108 タブに未読バッジが出て、開くと消える
OK  F-108 参加者の通知は自分の申込イベントに限られる
OK  F-108c キャンセル後はそのイベントの動向が出ない
OK  F-108 参加者の通知はログインが必要
OK  F-108 通知そのものは保存しない（readStates に既読位置だけ）
OK  F-97 確認URL(?ticket=)から申込詳細へ復帰
OK  F-97 ?event= で限定公開イベントを直接開ける（F-65）
OK  F-07 ?preview= で下書きを参加者ビュー確認
OK  AB-08 不正なトークンの確認URLはエラーで通常画面へ（F-97）
OK  AB-09 ?event= の下書き・存在しないIDは表示できない（F-65）
OK  AB-09 ?event= の中止イベントは状態を表示（F-39）
OK  AB-10 キャンセル済みの確認URLは状態を表示し操作に進めない（F-43）
OK  AB-08 URLで開いた直後の再読み込みで二重処理しない（F-97）
OK  AB-05 コピーに失敗したら失敗を伝える（F-85）
OK  AB-20 20MBを超えるファイルは拒否され保存されない（F-102）
OK  F-81b 主催者ビューの viewport は PC幅のまま（F-81）
OK  F-81b 参加者ビューは実機の幅で描く
OK  F-81b 確認URLからの復帰でも viewport が切り替わる
OK  描画が重なっても最後の要求だけが残る
OK  F-107 主催者ビューへ戻るとログアウトする
OK  F-81b スマホ用CSSが主催者ビューに漏れていない
OK  F-81b 入力欄は16px以上（iOS の自動ズーム防止）
OK  F-101 名簿はパスワードで保護される
OK  F-101 誤ったパスワードでは解除されない
OK  F-101 admin で解除でき、再ロックできる
OK  F-101 参加者ビューへ切り替えると再ロックされる
OK  F-92 参加者名簿に参加履歴が出る
OK  F-92 名簿の絞り込み（正規化検索）
OK  F-93 視聴URLは公開ページに出さず、マイ申込に出す
OK  F-94 複製で下書きが作られ copiedFromId が残る
OK  F-96 申込推移が描画される
OK  F-91 CSVにカスタム質問の列が入る
OK  D-4 通し: 作成→公開→申込→受付→CSV→中止
OK  D-4 14: 初期化と再投入
OK  DB reset → 空

151 passed, 0 failed
